
============================================================
[2025-10-18 16:09:16] Thinking Log for digest
============================================================
The user wants me to analyze the crypto headlines they provided in the personalization section and write in the Leviathan News style. Let me look at the headlines again:

1. Arthur Hayes plans a $250 million raise in private equity fund
2. Binance hit by French money-laundering checks
3. Japan's Sumitomo Mitsui and two other banks to jointly issue a stablecoin
4. AI-powered trading tools reshaping crypto markets
5. Ondo Finance requests SEC to hold off on Nasdaq's tokenized securities plan
6. Gemach GDEX.pro seeks feedback on latest build
7. Yellow Card praises Kenya's new crypto law
8. Russia Overtakes UK as Europe's Top Crypto Adopter
9. Nigerian Judge to Decide Nov. 12 if $81B Lawsuit Against Binance Can Proceed
10. Jack Dorsey called out Tether's $250K donation to Bitcoin devs

The search results don't really add much context to these specific stories - they're mostly about general market data and trends. So I need to write this analysis based on the headlines themselves and add my own crypto market knowledge and context.

I need to follow the Leviathan style:
- Sharp, edgy, irreverent
- For crypto natives who want alpha
- No corporate fluff
- Be opinionated but informative
- Write like explaining to a smart friend
- NO CITATIONS

Structure should be:
1. Lead Story Deep Dive - pick most interesting and explain what's REALLY happening
2. Other Trends We Noticed - group related stories, explain bigger picture
3. Under the Radar - stories that didn't make top 5 but deserve attention

Let me think about which story is most interesting for the lead...

Russia overtaking UK as Europe's top crypto adopter with $379B in inflows is pretty massive and has multiple angles - sanctions evasion, geopolitical implications, the wartime economy aspect.

Or Arthur Hayes raising $250M - that's interesting given his track record and what it signals about where smart money is positioning.


The $81B Binance lawsuit in Nigeria adds another layer of drama to the crypto landscape. This massive legal battle reveals the high-stakes nature of crypto regulation, with an email mishap potentially turning into a billion-dollar showdown. The scale is almost comical - $81B hanging in the balance over what sounds like a bureaucratic slip-up.

I'll focus on the Russia story as the lead. It's a geopolitical bombshell that reveals crypto's real-world power. The $379B inflow isn't just a number - it's a middle finger to traditional financial sanctions, showing how crypto becomes a lifeline in geopolitical pressure cookers. Russia's crypto adoption isn't just about trading; it's about economic survival and circumventing global financial restrictions.

The broader trends crystallize around regulatory battles and traditional finance's crypto invasion. We're seeing banks and regulators scramble to control a technology that's fundamentally uncontrollable. From Japan's banks launching stablecoins to Ondo challenging the SEC, it's clear the old guard is trying to domesticate a wild beast.

The under-the-radar stories are where the real spice lives. Jack Dorsey's Tether drama, Kenya's progressive crypto law, and Yellow Card's African crypto perspective show the grassroots revolution happening beneath the headlines.

============================================================
[2025-10-18 16:10:46] Thinking Log for digest
============================================================
The user wants me to analyze the provided crypto headlines from the personalization section and write in the Leviathan News style. Let me look at what headlines were provided:

1. Arthur Hayes plans a $250 million raise in private equity fund
2. Binance among crypto firms hit by French money-laundering checks
3. Japan's Sumitomo Mitsui and two other banks to jointly issue a stablecoin
4. AI-powered trading tools like Stoic AI, Botty, and CryptoHopper reshaping crypto markets
5. Ondo Finance requests SEC to hold off on Nasdaq's tokenized securities plan
6. Gemach GDEX.pro seeks feedback on their latest build
7. Yellow Card praises Kenya's new crypto law
8. Russia Overtakes UK as Europe's Top Crypto Adopter
9. Nigerian Judge to Decide Nov. 12 if $81B Lawsuit Against Binance Can Proceed
10. Jack Dorsey called out Tether's $250K donation to Bitcoin devs

The search results provided don't seem to have much relevant information about these specific headlines. They mostly contain general crypto market information and some chart analysis. So I should focus on writing in the Leviathan News style based on the headlines provided in the personalization section.

Key instructions:
- Lead Story Deep Dive - pick the most interesting and explain what's really happening
- Other Trends We Noticed - group related stories and explain bigger picture
- Under the Radar - highlight stories that didn't make top 5 but deserve attention
- Add context beyond headlines
- Explain WHY things matter
- Be opinionated but informative
- Write like explaining to a smart friend
- No generic sections or redundant analysis
- Focus on stories readers can actually see
- NO CITATIONS OR SOURCE REFERENCES

Let me pick the most interesting story. I think the Russia overtaking UK story is fascinating because it shows real geopolitical crypto adoption driven by necessity. The Arthur Hayes story is also compelling because it's about institutional crypto money. 

The Binance Nigeria lawsuit adds another layer of dramatic tension to the crypto narrative. The legal battle and potential $81B lawsuit reveal the high-stakes environment crypto companies are navigating. Meanwhile, the Jack Dorsey and Tether interaction hints at the ongoing internal dynamics and power plays within the crypto ecosystem.

I'll lead with Russia overtaking UK as the most significant macro trend, demonstrating how crypto functions as a genuine alternative financial system during geopolitical stress. This story illustrates crypto's core promise of censorship resistance and inflation protection in a real-world, high-pressure scenario.

For "Other Trends We Noticed," I'll group the emerging patterns:
- Institutional finance's crypto integration (Japanese banks' stablecoin, Arthur Hayes' fund)
- Intensifying regulatory scrutiny (Binance's challenges in France and Nigeria, Ondo's SEC interaction)
- Technological infrastructure evolution (AI trading tools, GDEX.pro platform developments)

The emerging stories like Kenya's regulatory landscape, the Dorsey-Tether tension, and AI trading innovations represent critical undercurrents worth deep exploration.
