
============================================================
[2025-10-17 04:53:10] Thinking Log for digest
============================================================
Looking at the query, the user wants me to analyze the provided crypto headlines and provide market insights. However, I need to follow my special personalization instructions for Leviathan News trading signals.

Let me check what's in the personalization:
1. I need to generate trading signals for tokens that appear in BOTH the tracked tokens list AND recent headlines
2. I should NOT cite sources like [1], [2] - instead use ([more info](URL)) format
3. I should ONLY analyze tokens with actual news-driven catalysts
4. NO signals for stablecoins
5. Order by conviction strength

Looking at the Recent Headlines provided in personalization:
1. f(x) Protocol limit orders - mentions $fxUSD (tracked token)
2. Mastercard/Chainlink/Swapperfinance/XSwap - mentions $LINK (tracked token)
3. DL Research yield optimizer report - no specific token
4. Kraken acquisition - no specific tracked token
5. Usual Money Q4 roadmap - no tracked token in my list
6. Kensei memecoin launchpad - no tracked token
7. Leviathan Livestream - not a trading signal

From the search results, I see general market commentary about BTC, ETH, XRP, SOL, etc., but these are NOT the specific headlines I'm supposed to analyze according to my personalization. The personalization clearly states I should analyze the "Recent Headlines" section which lists 7 specific news items.

Let me match tokens:
- $fxUSD (f(x) USD) - in tracked list, has headline about limit orders
- $LINK (ChainLink Token) - in tracked list, has headline about Mastercard partnership

Wait, let me re-read the personalization more carefully. It says "Recent Headlines:" and lists specific headlines with URLs. These are the headlines I should be analyzing.

So the tokens that appear in BOTH tracked tokens AND the recent headlines:
1. $fxUSD - Limit orders live on f(x) Protocol


2. $LINK - Mastercard partnership for Web3 payments signals massive potential for blockchain integration with traditional finance.

The Mastercard partnership represents a significant breakthrough, bringing massive institutional credibility to blockchain payments. This partnership could potentially expose over 3.5 billion cardholders to Web3 technologies, making it an exceptionally bullish catalyst for Chainlink.

I'll carefully review the headlines to ensure precise signal generation, focusing only on verified information from the provided sources. The key is maintaining analytical rigor while identifying meaningful market insights.

The broader context involves examining crypto market dynamics beyond individual token signals. While multiple headlines discuss market movements for major cryptocurrencies, I need to distill the most actionable intelligence from the available information.

My approach requires methodical filtering of headlines, ensuring each signal meets strict verification criteria before recommendation. This means critically assessing the relevance and potential impact of each piece of market intelligence.

For $fxUSD and $LINK, I'll evaluate their specific catalysts - the limit orders feature and Mastercard partnership respectively - to determine potential trading implications. Each signal must demonstrate a clear, news-driven rationale that could influence market sentiment or trading strategy.

============================================================
[2025-10-17 04:57:46] Thinking Log for digest
============================================================
Let me analyze the personalization context first. I need to write as if I'm from Leviathan News - an edgy, irreverent crypto publication. The audience is crypto natives who want alpha, not corporate fluff.

The headlines provided are:
1. f(x) Protocol limit orders
2. Mastercard/Chainlink/Swapperfinance/XSwap payments integration
3. DL Research yield optimizer report
4. Kraken acquires Small Exchange
5. Usual Money Q4 roadmap
6. Kensei memecoin launchpad on Katana
7. Leviathan Livestream

The search results give me broader market context about October 2025, showing:
- Bitcoin trading around $121k-126k range
- Recent flash crash from trade tensions
- October historically bullish (73% positive months)
- Some predictions of $140k BTC by end of October
- Ethereum around $4k-4.7k range
- Altcoin rotation happening
- Market volatility from US-China trade tensions

Now I need to write in Leviathan's voice - sharp, contextual, adding value beyond the obvious. The structure should be:
1. Lead Story Deep Dive
2. Other Trends We Noticed
3. Under the Radar

Key requirements:
- NO citations [1][2] etc
- Add context beyond headlines
- Explain WHY things matter
- Be opinionated but informative
- Write like explaining to a smart friend
- No generic sections
- Focus on stories from the top 5 (though they gave me 7)

Let me think about what the REAL story is here...

The Kraken acquisition is actually huge - getting a CFTC-regulated DCM license to launch onshore crypto derivatives. This is about regulated exchanges making power moves while the US regulatory environment potentially shifts.

The Mastercard/Chainlink integration is about bringing 3.5B cardholders into onchain economy - this is the infrastructure play everyone talks about but rarely executes.
 
DeFi's user experience is getting a serious upgrade with f(x) Protocol's limit orders, bridging the gap between traditional and decentralized finance. Traders can now execute more sophisticated strategies, making crypto trading feel less like the wild west and more like a refined financial instrument.

Usual Money's Q4 roadmap signals a critical moment for stablecoin infrastructure, suggesting a consolidation that could reshape the digital asset landscape. Meanwhile, the Kensei launchpad represents the next evolution of memecoin ecosystems, adding layers of gamification that transform speculative trading into an interactive experience.

The October market backdrop - with Bitcoin hovering near $125k and volatility driven by geopolitical tensions - creates a perfect storm for these infrastructure plays. It's not just about price; it's about the fundamental reshaping of financial technology.
