
============================================================
[2025-10-17 04:48:32] Thinking Log for signals
============================================================
Let me analyze the query carefully. The user is asking me to analyze crypto headlines and provide market insights. However, I'm supposed to be generating trading signals for Leviathan News based on the personalization context provided.

Looking at the search results, they are very generic crypto market articles and don't contain specific actionable news about the tracked tokens. The search results mention:
1. Crypto market crash analysis
2. Chart of the week about altcoins and PancakeSwap
3. Record liquidation event
4. Generic crypto news sites
5. Market size reports

None of these search results contain specific, actionable news about the tracked tokens in the personalization context.

However, I have the "Recent Headlines" section in the personalization that contains actual recent news:
[1] f(x) Protocol limit orders live
[2] Mastercard + Chainlink partnership
[3] DL Research yield optimizer report
[4] Kraken acquisition
[5] Usual Money Q4 roadmap
[6] Kensei memecoin launchpad
[7] Leviathan livestream

Now I need to match these headlines with the tracked tokens:
- [1] relates to $fxUSD (f(x) USD)
- [2] relates to $LINK (ChainLink Token)
- [5] relates to USD stablecoins but I should skip stablecoins
- Other headlines don't directly relate to tracked tokens

Wait, let me re-read the instructions. The critical rules say:
1. ONLY analyze tokens that appear in BOTH the tracked tokens list AND the recent headlines
2. ONLY generate signals when there is an actual news-driven catalyst
3. NEVER generate signals for stablecoins
4. If a token has no meaningful news catalyst, DO NOT generate a signal

Looking at the headlines again:
- [1] f(x) Protocol - this relates to $fxUSD which IS in the tracked list
- [2] Chainlink - $LINK is in the tracked list


- [5] Usual Money - relates to USD stablecoins which I should skip

I'm carefully evaluating the stablecoin classification for $fxUSD. The partnership and limit order news suggest potential trading complexity beyond a typical stablecoin. However, to maintain strict adherence to the guidelines, I'll err on the side of caution and exclude it from signal generation.

This leaves only $LINK from the Mastercard partnership headline as a viable candidate for generating a trading signal.

The Mastercard partnership represents a significant catalyst. Connecting global payments to Web3 and potentially onboarding 3.5B+ cardholders creates substantial bullish momentum for $LINK. This partnership signals strong fundamental growth and network expansion.

However, the search results lack specific analytical depth, providing only generic market commentary. Per the instructions, when search results don't offer substantive insights, I should acknowledge the information's limited availability.

The personalization context provides the core headline details, enabling me to proceed with signal generation based on the partnership's strategic implications.

My trading approach focuses on identifying tokens with meaningful catalysts. Currently, $LINK stands out as the sole candidate with a compelling market signal - a STRONG BUY recommendation driven by the Mastercard collaboration.

I'll continue reviewing the remaining headlines to validate potential additional trading opportunities.

The Mastercard partnership represents a significant development, potentially integrating 3.5B+ cardholders into the blockchain ecosystem through secure Web3 payment infrastructure. This strategic alliance positions Chainlink as a critical infrastructure provider for mainstream crypto adoption.

============================================================
[2025-10-17 04:49:51] Thinking Log for signals
============================================================
Let me analyze this query carefully. The user is asking me to analyze crypto headlines and provide market insights. Looking at my personalization instructions, I need to generate trading signals for Leviathan News based on the tracked tokens and recent headlines provided.

However, I notice something important - the search results are about general crypto market analysis from October 2025, but the personalization section shows specific recent headlines from Leviathan News that I should be analyzing:

1. Limit Orders are live on f(x) Protocol
2. Mastercard, Chainlink, Swapperfinance, and XSwap team up
3. DL Research breaks chronicles the evolution of Yield Optimizers
4. Kraken acquires Small Exchange
5. Usual Money reveals Q4 roadmap
6. Kensei's gamified memecoin launchpad
7. Leviathan Livestream

Let me cross-reference these headlines with the tracked tokens:

From the headlines:
- f(x) Protocol - relates to $fxUSD (tracked token)
- Chainlink - relates to $LINK (tracked token)
- Usual Money - mentions $USD0 products but I don't see this in tracked list directly
- The other headlines don't directly relate to tracked tokens

Wait, let me be more careful. The personalization says I should ONLY analyze tokens that appear in BOTH the tracked tokens list AND the recent headlines. I also should NOT generate signals for stablecoins.

Looking again:
- $LINK ChainLink Token - appears in tracked list AND in headline [2] about Mastercard partnership
- $fxUSD f(x) USD - appears in tracked list AND in headline [1] about limit orders

Let me check if any others:
- The Kraken news doesn't mention specific tracked tokens
- DL Research about yield optimizers is generic
- Kensei's launchpad doesn't mention tracked tokens
- Usual Money mentions USD0 variants but these aren't in my tracked list
- The livestream isn't actionable
 
I'm navigating a complex landscape of market information. The Mastercard partnership with Chainlink presents a significant opportunity, potentially connecting 3.5 billion cardholders to Web3 infrastructure. This catalyst stands out as a clear signal for $LINK, suggesting strong potential for blockchain integration and mainstream adoption.

The broader market context from search results indicates consolidation for major cryptocurrencies, with Bitcoin hovering around $110k-$115k and Ethereum testing the $4,000 level. These macro trends provide additional context for potential trading strategies, especially for tracked tokens like $BTC and $ETH.

Ultimately, the most actionable insight emerges from the Chainlink partnership, presenting a compelling STRONG BUY signal for $LINK based on its potential for massive Web3 expansion. I'm carefully analyzing the market signals from recent trade tensions and historical October trends. The US-China trade scare created market volatility, causing a sharp crypto market drop with potential confidence erosion. Despite weak recovery volumes, historical October performance and strategic support levels suggest cautious opportunity. Technical indicators and institutional interest point to potential entry points around Bitcoin's $107,557 and Ethereum's $3,960 levels. The market presents a nuanced scenario requiring measured, strategic positioning.

The broader context reveals potential bullish momentum, with institutional flows and seasonal patterns indicating possible upside. Mastercard's partnership with LINK provides an additional positive catalyst, reinforcing the investment thesis for crypto-native traders seeking actionable insights.

============================================================
[2025-10-17 04:51:15] Thinking Log for signals
============================================================
Let me analyze this query carefully. The user is asking me to analyze crypto headlines and provide market insights. However, I need to follow my personalization instructions which are to generate trading signals in a very specific format.

Looking at the personalization section, I'm instructed to:
1. Generate trading signals for tokens that appear in BOTH the tracked tokens list AND recent headlines
2. Use the exact signal format specified
3. ONLY generate signals when there's an actual news-driven catalyst
4. NEVER generate signals for stablecoins
5. Base signals on what the news ACTUALLY says

Let me review the "Recent Headlines" section:
[1] f(x) Protocol limit orders - mentions $fxUSD
[2] Mastercard + Chainlink partnership - mentions $LINK
[3] DL Research yield optimizer report - general DeFi, no specific token
[4] Kraken acquisition - no tracked token mentioned
[5] Usual Money Q4 roadmap - no tracked token in list (USD0 not in tracked list)
[6] Kensei memecoin launchpad - no tracked token mentioned
[7] Leviathan Livestream - no trading signal
[8] Search results contain general market analysis, not specific to the recent headlines

Now let me match tokens from tracked list with headlines:
- $fxUSD (f(x) USD) - Tracked token, mentioned in headline [1] about limit orders
- $LINK (ChainLink Token) - Tracked token, mentioned in headline [2] about Mastercard partnership

The search results [1-16] provide broader market context but aren't the "Recent Headlines" I should focus on according to my instructions. The personalization says to use the "Recent Headlines" list provided, which only has 7 items.

So I should only generate signals for:
1. $fxUSD - limit orders now live
2. $LINK - Mastercard partnership for Web3 payments

Wait, I need to be more careful. The user is asking me to "analyze the provided crypto headlines and provide market insights" - this seems like a general request, not specifically asking for the trading signal format. 

I see potential conflicts between the user's request and my personalization instructions. The core directive seems to be generating precise trading signals, which requires careful matching of tokens and news catalysts. While the request appears broad, my defined role emphasizes generating specific, formatted signals based on concrete news events.

The key considerations are the two matching tokens - $fxUSD with its limit orders feature and $LINK's Mastercard partnership - which provide clear news-driven catalysts for potential trading signals.

I'll need to carefully evaluate each token's news context to determine if a meaningful signal can be generated, focusing strictly on tokens appearing in both the tracked list and recent headlines.

For $fxUSD, the new limit order feature represents a positive trading functionality enhancement. 

For $LINK, the Mastercard partnership bringing 3.5B cardholders emerges as a massive bullish catalyst. This significant development provides a compelling news-driven signal for potential trading consideration.

I'm filtering out broader market context that doesn't directly connect to specific tracked tokens, ensuring my analysis remains precise and aligned with the critical analytical rules.
