
============================================================
[2025-10-19 02:45:29] Thinking Log for digest
============================================================
The user wants me to analyze the provided crypto headlines that are in the personalization section. Let me look at those headlines:

1. Arthur Hayes plans a $250 million raise in private equity fund
2. Binance among crypto firms hit by French money-laundering checks
3. Japan's Sumitomo Mitsui and two other banks to jointly issue a stablecoin
4. AI-powered trading tools like Stoic AI, Botty, and CryptoHopper are reshaping crypto markets
5. Ondo Finance requests SEC to hold off on Nasdaq's tokenized securities plan
6. Gemach GDEX.pro seeks feedback on their latest build
7. Yellow Card praises Kenya's new crypto law
8. Russia Overtakes UK as Europe's Top Crypto Adopter with $379B in inflows
9. Nigerian Judge to Decide Nov. 12 if $81B Lawsuit Against Binance Can Proceed
10. Jack Dorsey called out Tether's $250K donation to Bitcoin devs

The search results don't directly relate to these headlines - they're about general market analysis, Bitcoin price analysis, etc. So I need to focus on analyzing the headlines provided in the personalization section.

I need to write in the Leviathan News style - edgy, irreverent, insightful. I should:
- Pick the most interesting story for deep dive
- Group related stories and explain bigger trends
- Highlight under the radar stories
- NO CITATIONS [1], [2], etc.
- Be opinionated but informative
- Add context beyond headlines
- Explain WHY things matter

Let me structure this:

**Lead Story Deep Dive** - I think Russia overtaking UK as Europe's top crypto adopter is the most interesting. It's huge ($379B), driven by real geopolitical forces, and shows how crypto becomes essential under pressure.

**Other Trends We Noticed** - I can group:
- Institutional/regulatory: Binance France checks, Nigeria lawsuit, Kenya law, Japan stablecoin


- Old money meets new: traditional finance players making crypto moves, from Hayes' fund to bank-backed stablecoins

**Under the Radar** - AI trading tools and GDEX.pro represent the innovative edge of crypto's technological frontier.

The crypto world's power dynamics are shifting. Traditional finance is no longer watching from the sidelines - they're diving in, whether through PE funds, stablecoins, or regulatory maneuvers. The game is changing, and the players are getting more sophisticated.

============================================================
[2025-10-19 03:42:14] Thinking Log for digest
============================================================
The user wants me to analyze the crypto headlines provided in the personalization section and provide market insights. They want me to write in the style of Leviathan News - edgy, irreverent, and sharp. 

Looking at the personalization section, I need to:
1. Pick the most interesting story for a deep dive
2. Group related stories and explain bigger picture trends
3. Highlight under-the-radar stories

The headlines provided are:
1. Arthur Hayes $250M private equity fund raise
2. Binance hit by French money-laundering checks
3. AI trading tools reshaping crypto markets
4. Ondo Finance vs Nasdaq tokenized securities
5. Reserve Protocol burn proposal
6. UK stablecoin rules by 2026 Q4
7. Jack Dorsey vs Tether donation debate
8. Nigerian lawsuit against Binance
9. Kenya's crypto law praised by Yellow Card
10. Russia overtakes UK as top crypto adopter

The search results talk about institutional adoption surge, Bitcoin flash crash in October 2025, market stabilization, etc. But I should focus on the headlines provided in personalization, not the search results.

Wait, let me re-read the instructions. The user says "Please analyze the provided crypto headlines and provide market insights." The headlines are in the personalization section. The search results seem to be about broader market trends but the date is October 19, 2025.

I need to write in Leviathan News style:
- Lead Story Deep Dive on the most interesting story
- Other Trends We Noticed - group related stories
- Under the Radar - stories that deserve attention
- Add context beyond headlines
- Explain WHY things matter
- Be opinionated but informative
- NO CITATIONS

Looking at the headlines, the most interesting stories could be:
- Russia overtaking UK (massive geopolitical angle)
- Arthur Hayes raising $250M (BitMEX founder doing big moves)
- Binance facing France/Nigeria legal issues
- Jack Dorsey vs Tether drama
 
Russia's crypto surge screams geopolitical chess. A 48% jump in adoption isn't just numbers - it's economic warfare. Sanctions? Crypto says hold my beer. The Kremlin's found its digital escape hatch, turning crypto into a financial middle finger to Western restrictions.

Regulatory drama's heating up globally. France's Binance money-laundering checks, UK cooking up stablecoin rules, Kenya embracing crypto, Nigeria throwing legal punches - it's a worldwide regulatory cage match. Institutional players are watching, waiting to see who lands the knockout punch.

The undercards are where the real action's brewing. AI trading tools are reshaping market dynamics, and the Reserve Protocol burn proposal hints at deeper tokenomics evolution. These aren't just stories - they're tremors before the crypto earthquake.

============================================================
[2025-10-19 03:44:55] Thinking Log for digest
============================================================
The user wants me to analyze the crypto headlines provided in the personalization section using the Leviathan News style. Let me look at those headlines:

1. Arthur Hayes plans a $250 million raise in private equity fund
2. Binance among crypto firms hit by French money-laundering checks
3. AI-powered trading tools reshaping crypto markets
4. Ondo Finance requests SEC to hold off on Nasdaq's tokenized securities plan
5. 0xJMG proposes to burn 30 billion unused RSR tokens
6. UK plans to develop stablecoin rules toward 2026 Q4
7. Jack Dorsey called out Tether's $250K donation to Bitcoin devs
8. Nigerian Judge to Decide Nov. 12 if $81B Lawsuit Against Binance Can Proceed
9. Yellow Card praises Kenya's new crypto law
10. Russia Overtakes UK as Europe's Top Crypto Adopter

The search results provide context about:
- Bitcoin's institutional adoption surge in Q3 2025
- S&P Global launching a crypto index
- Market conditions and trends

I need to write in the Leviathan News style - edgy, irreverent, cutting through BS. The format should be:
1. Lead Story Deep Dive - pick the most interesting story and explain what's really happening
2. Other Trends We Noticed - group related stories and explain bigger picture
3. Under the Radar - highlight stories that didn't make top 5 but deserve attention

Key rules:
- NO CITATIONS like [1], [2], etc.
- Add context beyond headlines
- Explain WHY things matter
- Be opinionated but informative
- Write like explaining to a smart friend
- No generic sections
- Focus on stories readers can see

Let me pick the most interesting lead story. I think the Russia overtaking UK as Europe's top crypto adopter is huge - it's geopolitical, it's about sanctions evasion, and shows how crypto is being used in ways regulators feared.
 
The Arthur Hayes $250M private equity fund raise actually reveals a deeper trend of traditional finance structures merging with crypto. While the Russia story offers more geopolitical drama, Hayes' move signals serious institutional money flowing into the crypto ecosystem during a critical market maturation phase. Institutional investors are no longer just dipping toes - they're diving in with serious capital, recognizing crypto's potential beyond speculative trading.
