
============================================================
[2025-10-23 01:49:49] Thinking Log for digest
============================================================
The user is asking me to analyze the provided crypto headlines, but they've given me search results that are generic overviews and market reports, not specific headlines/news stories. The search results are mostly meta-descriptions of analytics platforms and market reports, not actual crypto news.

However, I notice that the personalization section includes specific headlines from Leviathan News:
1. Bitcoin Volatility with $657M liquidations, BTC between $107K-$113K
2. Inferno - Privacy and Buyback-And-Burn service
3. Yield Basis performance - 20% annualized yield on Bitcoin
4. Aave DAO proposes $50M annual buyback program
5. Hong Kong approves first Solana Spot ETF

The user is asking me to "analyze the provided crypto headlines" - they likely mean the headlines from the personalization section (the Leviathan News headlines), not the search results. The search results are just background market context that I can use to inform my analysis.

I need to write in the Leviathan News voice - edgy, irreverent, crypto-native focused on alpha and real insights. The format should be:
- Lead Story Deep Dive (most interesting story)
- Other Trends We Noticed (group related stories)
- Under the Radar (stories that deserve more attention)

Key requirements:
- Add context beyond headlines
- Explain WHY things matter
- Use insider knowledge
- Be opinionated but informative
- NO CITATIONS OR SOURCE REFERENCES - don't use [1], [2]
- Channel the Leviathan voice - sharp, contextual
- Focus on stories readers can actually see in the top 5

Looking at the 5 headlines provided:
1. Bitcoin Volatility + $657M liquidations - BTC $107K-$113K range, US gov shutdown impacts regulation, River +85%, ChainOpera AI +69%
2. Inferno - Privacy and Buyback-And-Burn service


3. Yield Basis - 20% annualized yield on Bitcoin without IL
4. Aave DAO - $50M annual buyback program
5. Hong Kong Solana Spot ETF - trading begins Oct 27

The search results give me context about market dynamics: $2.7T weekly volume (highest since January 2025), $19B in liquidations on Oct 10, BTC/ETH/SP500 correlation falling, DEX volumes rising relative to CEX (perp DEX mania), SOL/BTC turning positive, altcoins outperforming Bitcoin by 80%+, and digital asset treasury boom. This backdrop shows we're in a risk-on environment where leverage is getting flushed but capital is rotating into yield and alternative assets. The Hong Kong ETF approval signals institutional adoption accelerating in Asia, while the Aave buyback and Yield Basis stories reflect protocols competing for capital through token economics and yield strategies.

The liquidation cascade combined with BTC's volatility range tells the real story - leverage unwinding post-correction, compounded by regulatory uncertainty from the US government shutdown stalling crypto policy. When margin calls hit during uncertain times, capital flows toward narratives with actual mechanics: token burns, buybacks, and yield generation. River's 85% gain and ChainOpera AI's 69% surge show money rotating into specific thesis plays rather than broad market exposure.

Stablecoin volume hitting $7T alongside DEX dominance over centralized exchanges signals infrastructure maturation. Real yield strategies without impermanent loss are reshaping Bitcoin's role in DeFi, and Hong Kong's Solana ETF approval demonstrates Asia's willingness to move forward independent of US regulatory hesitation. The liquidation data itself is revealing - $657M is noise compared to the $19B we saw earlier in October, which actually suggests leverage is being flushed out and volatility is normalizing rather than escalating.

============================================================
[2025-10-23 01:55:09] Thinking Log for digest
============================================================
The user is asking me to analyze crypto headlines and provide market insights in the style of Leviathan News - an edgy, irreverent crypto publication.

However, looking at the search results provided, I don't see the two specific headlines mentioned in the personalization:
1. Inferno: A Privacy and Buyback-And-Burn-As-A-Service platform
2. Preliminary analysis of Yield Basis performance

The search results I actually have are more generic market analysis pieces from CoinDesk, CryptoSlate, etc., with information about:
- BlockDAG, Ethereum, Chainlink, Dogecoin gaining attention
- CEX volumes hitting $2.7T 
- $19B liquidations on Oct 10
- BTC/ETH correlation with SP500 dropping to 15.8% and 18.2%
- USDC depegging and BUSD regulatory issues
- Binance converting $1B to BTC, ETH, BNB
- PancakeSwap volume at $22B weekly, CAKE up 66% month-to-date
- Perpetual DEX volume growing relative to CEX
- Stablecoin volumes at ~$7T in Q3 2025
- SOL/BTC turning positive, up 23% with DAT flows
- Altcoin baskets outperforming Bitcoin by 80%+ since May
- Total crypto market cap crossed $4T
- Q3 saw record crypto futures/options volume over $900B
- Stablecoin payment volumes at $19.4B YTD

The instructions say to write in Leviathan style with sections like:
- Lead Story Deep Dive
- Other Trends We Noticed
- Under the Radar

And to NOT use citations in the format [1], [2], etc. - the personalization specifically says "NO CITATIONS OR SOURCE REFERENCES - don't use [1], [2], etc."

This conflicts with the main instructions which say to cite search results. However, the personalization instructions take priority according to the rules: "Follow user instruction takes priority over any other formatting rules listed here."


I'm going to structure this around the major market movements visible in the search results, writing in Leviathan's irreverent voice as if I'm breaking down what actually matters to people paying attention. The key is hitting the big trends - altcoins crushing Bitcoin, stablecoin dominance, DEX momentum - without the formal citation brackets that would kill the conversational tone.
